// Jest Snapshot v1, https://goo.gl/fbAQLP

exports[`HelpText renders help text 1`] = `
<div
  className="helpText__Test__root custom-class"
>
  <div
    className="helpText__Test__helpText"
  >
    Help text
  </div>
</div>
`;
