// Jest Snapshot v1, https://goo.gl/fbAQLP

exports[`TooltipButton renders with tooltip showing 1`] = `
<div
  className="tooltipButton__Test__root"
  data-id="tooltip-button"
>
  <button
    className="Button__Test__root Button__Test---tone-1-1 Button__Test---variant-7-primary Button__Test---vol-1-3 test-button"
    onBlur={[Function]}
    onClick={[Function]}
    onDragStart={[Function]}
    onFocus={[Function]}
    onKeyDown={[Function]}
    onKeyUp={[Function]}
    onMouseDown={[Function]}
    onMouseEnter={[Function]}
    onMouseLeave={[Function]}
    onMouseUp={[Function]}
    onTouchCancel={[Function]}
    onTouchEnd={[Function]}
    onTouchMove={[Function]}
    onTouchStart={[Function]}
    type="button"
  >
    <span
      className="Button__Test__inner"
    >
      Click me!
    </span>
  </button>
</div>
`;

exports[`TooltipButton renders without tooltip showing 1`] = `
<div
  className="tooltipButton__Test__root"
  data-id="tooltip-button"
>
  <button
    className="Button__Test__root Button__Test---tone-1-1 Button__Test---variant-7-primary Button__Test---vol-1-3 test-button"
    onBlur={[Function]}
    onClick={[Function]}
    onDragStart={[Function]}
    onFocus={[Function]}
    onKeyDown={[Function]}
    onKeyUp={[Function]}
    onMouseDown={[Function]}
    onMouseEnter={[Function]}
    onMouseLeave={[Function]}
    onMouseUp={[Function]}
    onTouchCancel={[Function]}
    onTouchEnd={[Function]}
    onTouchMove={[Function]}
    onTouchStart={[Function]}
    type="button"
  >
    <span
      className="Button__Test__inner"
    >
      Click me!
    </span>
  </button>
</div>
`;
