// Jest Snapshot v1, https://goo.gl/fbAQLP

exports[`Error renders as a basic button with custom #className 1`] = `
<span
  className="ErrorText4259465581__root custom-class"
  data-testid="error-data-testid"
>
  Error message
</span>
`;
